MAP
	NAME		EX2_
	IMAGETYPE	png24
	EXTENT	419500 24000 945000 365925
	#EXTENT		645407 227808 645670 227959
	SIZE		600 350
	SHAPEPATH 	"../data"
	SYMBOLSET	"../symbols/symbols35.sym"
	FONTSET	"../fonts/fonts.list"

	TEMPLATEPATTERN 'example*'

	#Azert kell, hogy a layer-ek atlatszoak legyenek
	OUTPUTFORMAT
		NAME "png"
		DRIVER AGG/PNG
		MIMETYPE "image/png"
		IMAGEMODE RGBA
		EXTENSION "png"
		TRANSPARENT ON
#		FORMATOPTION "GAMMA=0.25"
#		FORMATOPTION "INTERLACE=OFF"
	END

	WEB
		TEMPLATE  'to be replaced by map_web_template variable in section2.html'
		IMAGEPATH '/home/akoel/Projects/tdc/svn/www/htdocs/tmp/'
		IMAGEURL  '/tdc/htdocs/tmp/'
    
		METADATA
			"ows_enable_request" "*"
			"wms_title"		"Sajat WMS szerverem"
			"wms_onlineresource"	"http://localhost/cgi-bin/mapserv?map=/home/akoel/Projects/tdc/svn/www/htdocs/example.map"
			"wms_srs"		"EPSG:23700"
			"wms_feature_info_mime_type" "text/html"
		END
	END 

	PROJECTION
		"init=epsg:2370"
	END

	#/////////////////////////////////////////////////////////
	#/////////////                  //////////////////////////
	#////////////  PARCEL  ///////////////////////////
	#///////////                  ////////////////////////////
	#/////////////////////////////////////////////////////////

	#_____________________________________
	#
	# PARCEL POLYGON for IDENTIFY
	#
	#_____________________________________

	LAYER
		NAME "identify_parcel"

		CONNECTIONTYPE postgis
		CONNECTION "host=localhost password=tdc user=tdc dbname=tdc"
		DATA "geom FROM (SELECT * FROM main.identify_parcel() d, main.tp_face AS f WHERE d.selected_projection=f.gid) AS subquery USING UNIQUE selected_nid USING srid=2370"
		STATUS OFF
		TYPE POLYGON
		TOLERANCE 1
		PROJECTION
			"init=epsg:2370"
		END

		#Lekerdezeshez szukseges tempalte fajl, specialis formaban
		TEMPLATE 'templates/identify_parcel.html'
	END #layer

	#_____________________________________
	#
	# PARCEL POLYGON for QUERY
	#
	#_____________________________________

	LAYER
		NAME "query_parcel"

		CONNECTIONTYPE postgis
		CONNECTION "host=localhost password=tdc user=tdc dbname=tdc"
		DATA "geom FROM (SELECT 'im_parcel' AS selected_name, p.nid AS selected_nid, f.geom  FROM main.im_parcel AS p, main.tp_face AS f WHERE p.projection=f.gid) AS subquery USING UNIQUE selected_nid USING srid=2370"
		STATUS OFF
		TYPE POLYGON
		TOLERANCE 1
		PROJECTION
			"init=epsg:2370"
		END

		#Lekerdezeshez szukseges tempalte fajl, specialis formaban
		#TEMPLATE 'templates/query_parcel.html'

	END #layer

	#_____________________________________
	#
	# PARCEL POLYGON for VIEW
	#
	#_____________________________________

	LAYER
		NAME "view_parcel"

		CONNECTIONTYPE postgis
		CONNECTION "host=localhost password=tdc user=tdc dbname=tdc"			
		DATA "geom FROM (SELECT p.nid AS nid, f.geom, main.hrsz_concat(p.hrsz_main, p.hrsz_fraction ) AS hrsz, p.title_angle FROM main.im_parcel AS p, main.tp_face AS f WHERE p.projection=f.gid ) AS subquery USING UNIQUE nid USING srid=2370"
		STATUS OFF #DEFAULT
		TYPE POLYGON
		TOLERANCE 1

		PROJECTION
			"init=epsg:2370"
		END

		VALIDATION
			"parcel_nid"  "^[0-9]+$"	#!!! Ez kell, mert kulonben nem lenne ervenyes az EXPRESSION parameteratadas
		END

		#--------------------------
		# Kiemelt elemek		
		#--------------------------
		CLASSITEM "nid"	
		CLASS
			NAME "highlited"
			EXPRESSION  "%parcel_nid%"  
			STYLE
				COLOR 80 150 80
			END
			STYLE
				OUTLINECOLOR 0 100 0
				WIDTH 3
			END
		END #class

		#--------------------------
		# Normal elemek		
		#--------------------------
		CLASS
			NAME "normal"
			STYLE
				COLOR 100 255 100
			END
			STYLE
				OUTLINECOLOR 0 0 0
				WIDTH 1
			END

			#A megjelenitendo hrsz formatuma
			TEXT '[hrsz]'
			LABEL    
				ANGLE [title_angle]    #hrsz dolesszoge
				COLOR 255 0 0                           
				SIZE 11

				FORCE FALSE
				PARTIALS FALSE
				FONT arial-bold
				TYPE TRUETYPE
				POSITION CR					
				MINDISTANCE 500

				STYLE
					GEOMTRANSFORM 'labelpoly'
					 COLOR 200 200 200
					OFFSET 0 0
				END #style
                         END #label
		END #class
	END #layer

	#=================
	#
	# PARCEL POINT for VIEW
	#
	#=================

	LAYER
		NAME "parcel_point_view"

		CONNECTIONTYPE postgis
		CONNECTION "host=localhost password=tdc user=tdc dbname=tdc"			
		DATA "geom FROM (SELECT p.nid, f.geom FROM main.im_parcel AS p, main.tp_face AS f WHERE p.projection=f.gid) AS subquery USING UNIQUE nid USING srid=2370"

		STATUS OFF #DEFAULT
		TYPE POINT
#		TOLERANCE 1

		PROJECTION
			"init=epsg:2370"
		END

		CLASS
			NAME "normal3"
			STYLE
				SYMBOL 'circle'
				COLOR 255 0 0
				OUTLINECOLOR 250 250 0
				WIDTH 3
			END
#			STYLE
#				SYMBOL 'circle'
#				OUTLINECOLOR 0 0 0
#				WIDTH 7
#			END
		END #class
	END #layer


	#/////////////////////////////////////////////////////////
	#/////////////                    ////////////////////////
	#////////////  BUILDING /////////////////////////
	#///////////                    //////////////////////////
	#/////////////////////////////////////////////////////////

	#_____________________________________
	#
	# BUILDING POLYGON for IDENTIFY
	#
	#_____________________________________

	LAYER
		NAME "identify_building"

		CONNECTIONTYPE postgis
		CONNECTION "host=localhost password=tdc user=tdc dbname=tdc"			
		DATA "geom FROM (SELECT * FROM main.identify_building() d, main.tp_face AS f WHERE d.selected_projection=f.gid) AS subquery USING UNIQUE selected_nid USING srid=2370"
		STATUS OFF
		TYPE POLYGON
		TOLERANCE 1
		PROJECTION
			"init=epsg:2370"
		END
		#Lekerdezeshez szukseges tempalte fajl, specialis formaban
		TEMPLATE 'templates/identify_building.html'
	END #layer


	#_____________________________________
	#
	# BUILDING POLYGON for VIEW
	#
	#_____________________________________

	LAYER
		NAME "view_building"

		CONNECTIONTYPE postgis
		CONNECTION "host=localhost password=tdc user=tdc dbname=tdc"
			
		DATA "geom from (SELECT b.nid, f.geom, CASE (hrsz_eoi IS NULL) WHEN TRUE THEN $$ $$ ELSE hrsz_eoi END AS hrsz_eoi, b.title_angle FROM main.im_building AS b, main.tp_face AS f WHERE b.projection=f.gid) AS subquery USING UNIQUE nid USING srid=2370"

		STATUS OFF #DEFAULT
		TYPE POLYGON
		TOLERANCE 1

		PROJECTION
			"init=epsg:2370"
		END

		VALIDATION
			"highlighted_building_nid"  "^[0-9]+$"	#!!! Ez kell, mert kulonben nem lenne ervenyes az EXPRESSION parameteratadas
		END

		#--------------------------
		# Kiemelt elemek		
		#--------------------------
		CLASSITEM "nid"	
		CLASS
			NAME "highlited"
			EXPRESSION  "%highlighted_building_nid%"  
			STYLE
				COLOR 80 80 150
			END
			STYLE
				OUTLINECOLOR 0 0 100
				WIDTH 3
			END
		END #class

		#--------------------------
		# Normál elemek		
		#--------------------------
		CLASS
			NAME "normal"
			STYLE
				COLOR 000 100 255
			END
			STYLE
				OUTLINECOLOR 0 0 0
				WIDTH 1
			END

			#A megjelenitendo hrsz formatuma
			TEXT '[hrsz_eoi]'
			LABEL    
				ANGLE [title_angle]    #hrsz dolesszoge

				COLOR 255 255 0                           
				FORCE FALSE
				PARTIALS FALSE
				FONT arial
				TYPE TRUETYPE
				POSITION CR					
				MINDISTANCE 1300
				SIZE 15

				STYLE
					GEOMTRANSFORM 'labelpoly'
					 COLOR 200 200 200
					OFFSET 0 0
				END
                         END	

		END #class

	END #layer


	#///////////////////////////////////////////////////////////////
	#//////////                                             ////////
	#////////  TARSASHAZAK UNIT-JAI    /////////
	#///////                                              //////////
	#///////////////////////////////////////////////////////////////

	#_____________________________________
	#
	# BUILDING-UNIT for IDENTIFY
	#
	#_____________________________________

	LAYER
		NAME "identify_building_individual_unit"

		CONNECTIONTYPE postgis
		CONNECTION "host=localhost password=tdc user=tdc dbname=tdc"			
		DATA "geom FROM (SELECT * FROM main.identify_building_individual_unit() d, main.tp_face AS f WHERE d.selected_projection=f.gid) AS subquery USING UNIQUE selected_nid USING srid=2370"

		STATUS OFF
		TYPE POLYGON
		TOLERANCE 1
		PROJECTION
			"init=epsg:2370"
		END
		#Lekerdezeshez szukseges tempalte fajl, specialis formaban
		TEMPLATE 'templates/identify_building_individual_unit.html'
	END #layer

	#_____________________________________
	#
	# BUILDING-UNIT OWNER for QUERY
	#
	#_____________________________________

	LAYER
		NAME "query_building_individual_unit_owner"

		CONNECTIONTYPE postgis
		CONNECTION "host=localhost password=tdc user=tdc dbname=tdc"			
		DATA "geom FROM (SELECT * FROM main.identify_building_individual_unit() d, main.tp_face AS f WHERE d.selected_projection=f.gid AND d.selected_level=%visible_building_level% ) AS subquery  USING UNIQUE selected_nid USING srid=2370"

		STATUS OFF
		TYPE POLYGON
		TOLERANCE 1
		PROJECTION
			"init=epsg:2370"
		END
		VALIDATION
			"visible_building_level"  "^[0-9][.][0-9]+$"			#Ez a parameter mondja meg, hogy melyik epuletszint latszodhat
		END

		#--------------------------
		# Normál elemek		
		#--------------------------
		CLASS
			NAME "normal"
			STYLE
				COLOR 100 102 0
			END
			STYLE
				OUTLINECOLOR 0 0 0
				WIDTH 1
			END
		END #class

		HEADER 'templates/query_building_individual_unit_owner_header.html'
		TEMPLATE 'templates/query_building_individual_unit_owner.html'
		FOOTER 'templates/query_building_individual_unit_owner_footer.html'

	END #layer



	#_____________________________________
	#
	# BUILDING UNIT for VIEW
	#
	#_____________________________________

	LAYER
		NAME "wiev_building_individual_unit"

		CONNECTIONTYPE postgis
		CONNECTION "host=localhost password=tdc user=tdc dbname=tdc"
		DATA "geom FROM (SELECT unit.nid AS nid, face.geom AS geom, unitlevel.projection AS selected_projection, 'im_building_individual_unit' AS selected_name, unit.nid AS selected_nid, 4 AS immovable_type FROM main.im_building_individual_unit unit, main.im_building_individual_unit_level unitlevel, main.tp_face face WHERE unit.im_building=unitlevel.im_building AND unit.hrsz_unit=unitlevel.hrsz_unit AND unitlevel.projection=face.gid AND unitlevel.im_levels=%visible_building_level% ) AS subquery USING UNIQUE nid USING srid=2370"
		STATUS OFF
		TYPE POLYGON
		TOLERANCE 1
		PROJECTION
			"init=epsg:2370"
		END
		VALIDATION
			"visible_building_level"  "^[0-9][.][0-9]+$"		#Ez a parameter mondja meg, hogy melyik epuletszint latszodhat
			"highlighted_building_unit_nid"  "^[0-9]+$"	#Ez a parameter mondja meg, hogy melyik unitot emeljuk ki
		END

		#--------------------------
		# Kiemelt elemek		
		#--------------------------
		CLASSITEM "nid"	
		CLASS
			NAME "highlited"
			EXPRESSION  "%highlighted_building_unit_nid%"  
			STYLE
				COLOR 90 50 0
			END
			STYLE
				OUTLINECOLOR 45 25 0
				WIDTH 3
			END
		END #class

		#--------------------------
		# Normál elemek		
		#--------------------------
		CLASS
			NAME "normal"
			STYLE
				COLOR 179 102 0
			END
			STYLE
				OUTLINECOLOR 0 0 0
				WIDTH 1
			END
		END #class
	END #layer


 # End of LAYER DEFINITIONS -------------------------------

END # end of map file


